2026-06-03 12:03:31 INFO  baseApiTest:22 - Name : DemoRonak
2026-06-03 12:03:31 INFO  baseApiTest:23 - Email : demoR@example.com
2026-06-03 12:03:31 INFO  baseApiTest:24 - Gender : male
2026-06-03 12:03:31 INFO  baseApiTest:25 - Status : active
2026-06-03 12:03:36 INFO  baseApiTest:29 - Response body : {"id":8488563,"name":"DemoRonak","email":"demoR@example.com","gender":"male","status":"active"}
2026-06-03 12:03:36 INFO  baseApiTest:43 - Closing Playwright and disposing request context...
2026-06-03 12:03:37 INFO  baseApiTest:22 - Name : DemoNikhil
2026-06-03 12:03:37 INFO  baseApiTest:23 - Email : demoN@example.com
2026-06-03 12:03:37 INFO  baseApiTest:24 - Gender : male
2026-06-03 12:03:37 INFO  baseApiTest:25 - Status : inactive
2026-06-03 12:03:42 INFO  baseApiTest:29 - Response body : {"id":8488564,"name":"DemoNikhil","email":"demoN@example.com","gender":"male","status":"inactive"}
2026-06-03 12:03:42 INFO  baseApiTest:43 - Closing Playwright and disposing request context...
2026-06-03 12:03:44 INFO  baseApiTest:22 - Name : DemoRahul
2026-06-03 12:03:44 INFO  baseApiTest:23 - Email : demoRa@example.com
2026-06-03 12:03:44 INFO  baseApiTest:24 - Gender : male
2026-06-03 12:03:44 INFO  baseApiTest:25 - Status : active
2026-06-03 12:03:50 INFO  baseApiTest:29 - Response body : {"id":8488565,"name":"DemoRahul","email":"demoRa@example.com","gender":"male","status":"active"}
2026-06-03 12:03:50 INFO  baseApiTest:43 - Closing Playwright and disposing request context...
2026-06-03 12:03:51 INFO  baseApiTest:22 - Name : DemoOm
2026-06-03 12:03:51 INFO  baseApiTest:23 - Email : demoO@example.com
2026-06-03 12:03:51 INFO  baseApiTest:24 - Gender : male
2026-06-03 12:03:51 INFO  baseApiTest:25 - Status : inactive
2026-06-03 12:03:56 INFO  baseApiTest:29 - Response body : {"id":8488566,"name":"DemoOm","email":"demoO@example.com","gender":"male","status":"inactive"}
2026-06-03 12:03:56 INFO  baseApiTest:43 - Closing Playwright and disposing request context...
2026-06-03 12:03:58 INFO  baseApiTest:40 - User deleted Successfully.
2026-06-03 12:04:03 INFO  baseApiTest:40 - User deleted Successfully.
2026-06-03 12:04:07 INFO  baseApiTest:40 - User deleted Successfully.
2026-06-03 12:04:16 INFO  baseApiTest:40 - User deleted Successfully.
2026-06-03 12:04:20 INFO  baseApiTest:43 - Closing Playwright and disposing request context...
